[debug] [2026-07-11T03:54:16.269Z] [Firebase Plugin] Activating Firebase extension.
[debug] [2026-07-11T03:54:24.379Z] [Firebase Plugin] requireAuthWrapper
[debug] [2026-07-11T03:54:24.384Z] > command requires scopes: ["email","openid","https://www.googleapis.com/auth/cloudplatformprojects.readonly","https://www.googleapis.com/auth/firebase","https://www.googleapis.com/auth/cloud-platform"]
[debug] [2026-07-11T03:54:24.385Z] > authorizing via signed-in user (ridenovaa@gmail.com)
[debug] [2026-07-11T03:54:24.388Z] Checked if tokens are valid: true, expires at: 1783745625949
[debug] [2026-07-11T03:54:24.388Z] Checked if tokens are valid: true, expires at: 1783745625949
[debug] [2026-07-11T03:54:24.389Z] [Firebase Plugin] User found:  ridenovaa@gmail.com
[info] [Firebase Plugin] (Core:Project) New user detected, fetching projects
[debug] [2026-07-11T03:54:24.391Z] Checked if tokens are valid: true, expires at: 1783745625949
[debug] [2026-07-11T03:54:24.393Z] >>> [apiv2][query] GET https://firebase.googleapis.com/v1beta1/projects pageSize=1000
[debug] [2026-07-11T03:54:24.405Z] [Firebase Plugin] VSCode notification server listening on port 40001
[info] [Firebase Plugin] Starting SQL Connect toolkit (version 3.4.11) on port 50001
[debug] [2026-07-11T03:54:27.814Z] 'fdc build' failed with error: Unable to build your SQL Connect schema and connectors (exit code 1): E0711 09:24:27.767680   18688 cmd.go:43] Error loading data connect config: could not find dataconnect.yaml in `e:\Jewellers_Website\dataconnect`
 {"metadata":{"emulator":{"name":"dataconnect"},"message":"'fdc build' failed with error: Unable to build your SQL Connect schema and connectors (exit code 1): E0711 09:24:27.767680   18688 cmd.go:43] Error loading data connect config: could not find dataconnect.yaml in `e:\\Jewellers_Website\\dataconnect`\n"}}
[debug] [2026-07-11T03:54:27.817Z] Ignoring unsupported arg: auto_download {"metadata":{"emulator":{"name":"dataconnect"},"message":"Ignoring unsupported arg: auto_download"}}
[debug] [2026-07-11T03:54:27.818Z] Ignoring unsupported arg: port {"metadata":{"emulator":{"name":"dataconnect"},"message":"Ignoring unsupported arg: port"}}
[debug] [2026-07-11T03:54:27.818Z] Starting SQL Connect Emulator with command {"binary":"C:\\Users\\Abhay Kushwaha\\.cache\\firebase\\emulators\\dataconnect-emulator-3.4.11.exe","args":["--logtostderr","-v=2","dev","--listen=localhost:50001","--config_dir=e:\\Jewellers_Website\\dataconnect","--enable_output_schema_extensions=true","--enable_output_generated_sdk=true"],"optionalArgs":["listen","config_dir","enable_output_schema_extensions","enable_output_generated_sdk"],"joinArgs":true,"shell":false,"port":9399} {"metadata":{"emulator":{"name":"dataconnect"},"message":"Starting SQL Connect Emulator with command {\"binary\":\"C:\\\\Users\\\\Abhay Kushwaha\\\\.cache\\\\firebase\\\\emulators\\\\dataconnect-emulator-3.4.11.exe\",\"args\":[\"--logtostderr\",\"-v=2\",\"dev\",\"--listen=localhost:50001\",\"--config_dir=e:\\\\Jewellers_Website\\\\dataconnect\",\"--enable_output_schema_extensions=true\",\"--enable_output_generated_sdk=true\"],\"optionalArgs\":[\"listen\",\"config_dir\",\"enable_output_schema_extensions\",\"enable_output_generated_sdk\"],\"joinArgs\":true,\"shell\":false,\"port\":9399}"}}
[info] i  dataconnect: SQL Connect Emulator logging to dataconnect-debug.log {"metadata":{"emulator":{"name":"dataconnect"},"message":"SQL Connect Emulator logging to \u001b[1mdataconnect-debug.log\u001b[22m"}}
[debug] [2026-07-11T03:54:27.981Z] E0711 09:24:27.959299   26896 dev.go:83] Failed to load initial config from "e:\\Jewellers_Website\\dataconnect": could not find dataconnect.yaml in `e:\Jewellers_Website\dataconnect`
E0711 09:24:27.966705   26896 watch.go:116] watchAllDir unable to walk dir `e:\Jewellers_Website\dataconnect`: GetFileAttributesEx e:\Jewellers_Website\dataconnect: The system cannot find the file specified.
 {"metadata":{"emulator":{"name":"dataconnect"},"message":"E0711 09:24:27.959299   26896 dev.go:83] Failed to load initial config from \"e:\\\\Jewellers_Website\\\\dataconnect\": could not find dataconnect.yaml in `e:\\Jewellers_Website\\dataconnect`\nE0711 09:24:27.966705   26896 watch.go:116] watchAllDir unable to walk dir `e:\\Jewellers_Website\\dataconnect`: GetFileAttributesEx e:\\Jewellers_Website\\dataconnect: The system cannot find the file specified.\n"}}
[debug] [2026-07-11T03:54:28.146Z] I0711 09:24:28.104999   26896 dev.go:104] Listening on address (HTTP + gRPC): 127.0.0.1:50001
 {"metadata":{"emulator":{"name":"dataconnect"},"message":"I0711 09:24:28.104999   26896 dev.go:104] Listening on address (HTTP + gRPC): 127.0.0.1:50001\n"}}
[debug] [2026-07-11T03:54:28.537Z] <<< [apiv2][status] GET https://firebase.googleapis.com/v1beta1/projects 200
[debug] [2026-07-11T03:54:28.539Z] <<< [apiv2][body] GET https://firebase.googleapis.com/v1beta1/projects [omitted]
[error] [Firebase Plugin] error:  {}
[debug] [2026-07-11T03:54:37.969Z] E0711 09:24:37.969944   26896 watch.go:40] Failed to load config from "e:\\Jewellers_Website\\dataconnect": could not find dataconnect.yaml in `e:\Jewellers_Website\dataconnect`
 {"metadata":{"emulator":{"name":"dataconnect"},"message":"E0711 09:24:37.969944   26896 watch.go:40] Failed to load config from \"e:\\\\Jewellers_Website\\\\dataconnect\": could not find dataconnect.yaml in `e:\\Jewellers_Website\\dataconnect`\n"}}
[debug] [2026-07-11T03:54:47.969Z] E0711 09:24:47.969747   26896 watch.go:40] Failed to load config from "e:\\Jewellers_Website\\dataconnect": could not find dataconnect.yaml in `e:\Jewellers_Website\dataconnect`
 {"metadata":{"emulator":{"name":"dataconnect"},"message":"E0711 09:24:47.969747   26896 watch.go:40] Failed to load config from \"e:\\\\Jewellers_Website\\\\dataconnect\": could not find dataconnect.yaml in `e:\\Jewellers_Website\\dataconnect`\n"}}
[debug] [2026-07-11T03:54:57.970Z] E0711 09:24:57.969929   26896 watch.go:40] Failed to load config from "e:\\Jewellers_Website\\dataconnect": could not find dataconnect.yaml in `e:\Jewellers_Website\dataconnect`
 {"metadata":{"emulator":{"name":"dataconnect"},"message":"E0711 09:24:57.969929   26896 watch.go:40] Failed to load config from \"e:\\\\Jewellers_Website\\\\dataconnect\": could not find dataconnect.yaml in `e:\\Jewellers_Website\\dataconnect`\n"}}
[debug] [2026-07-11T03:55:07.969Z] E0711 09:25:07.969781   26896 watch.go:40] Failed to load config from "e:\\Jewellers_Website\\dataconnect": could not find dataconnect.yaml in `e:\Jewellers_Website\dataconnect`
 {"metadata":{"emulator":{"name":"dataconnect"},"message":"E0711 09:25:07.969781   26896 watch.go:40] Failed to load config from \"e:\\\\Jewellers_Website\\\\dataconnect\": could not find dataconnect.yaml in `e:\\Jewellers_Website\\dataconnect`\n"}}
[debug] [2026-07-11T03:55:17.969Z] E0711 09:25:17.970006   26896 watch.go:40] Failed to load config from "e:\\Jewellers_Website\\dataconnect": could not find dataconnect.yaml in `e:\Jewellers_Website\dataconnect`
 {"metadata":{"emulator":{"name":"dataconnect"},"message":"E0711 09:25:17.970006   26896 watch.go:40] Failed to load config from \"e:\\\\Jewellers_Website\\\\dataconnect\": could not find dataconnect.yaml in `e:\\Jewellers_Website\\dataconnect`\n"}}
[debug] [2026-07-11T03:55:27.969Z] E0711 09:25:27.969831   26896 watch.go:116] watchAllDir unable to walk dir `e:\Jewellers_Website\dataconnect`: GetFileAttributesEx e:\Jewellers_Website\dataconnect: The system cannot find the file specified.
E0711 09:25:27.969831   26896 watch.go:40] Failed to load config from "e:\\Jewellers_Website\\dataconnect": could not find dataconnect.yaml in `e:\Jewellers_Website\dataconnect`
 {"metadata":{"emulator":{"name":"dataconnect"},"message":"E0711 09:25:27.969831   26896 watch.go:116] watchAllDir unable to walk dir `e:\\Jewellers_Website\\dataconnect`: GetFileAttributesEx e:\\Jewellers_Website\\dataconnect: The system cannot find the file specified.\nE0711 09:25:27.969831   26896 watch.go:40] Failed to load config from \"e:\\\\Jewellers_Website\\\\dataconnect\": could not find dataconnect.yaml in `e:\\Jewellers_Website\\dataconnect`\n"}}
[debug] [2026-07-11T03:55:37.969Z] E0711 09:25:37.969793   26896 watch.go:40] Failed to load config from "e:\\Jewellers_Website\\dataconnect": could not find dataconnect.yaml in `e:\Jewellers_Website\dataconnect`
 {"metadata":{"emulator":{"name":"dataconnect"},"message":"E0711 09:25:37.969793   26896 watch.go:40] Failed to load config from \"e:\\\\Jewellers_Website\\\\dataconnect\": could not find dataconnect.yaml in `e:\\Jewellers_Website\\dataconnect`\n"}}
[debug] [2026-07-11T03:55:47.969Z] E0711 09:25:47.970331   26896 watch.go:40] Failed to load config from "e:\\Jewellers_Website\\dataconnect": could not find dataconnect.yaml in `e:\Jewellers_Website\dataconnect`
 {"metadata":{"emulator":{"name":"dataconnect"},"message":"E0711 09:25:47.970331   26896 watch.go:40] Failed to load config from \"e:\\\\Jewellers_Website\\\\dataconnect\": could not find dataconnect.yaml in `e:\\Jewellers_Website\\dataconnect`\n"}}
[debug] [2026-07-11T03:55:57.970Z] E0711 09:25:57.970887   26896 watch.go:40] Failed to load config from "e:\\Jewellers_Website\\dataconnect": could not find dataconnect.yaml in `e:\Jewellers_Website\dataconnect`
 {"metadata":{"emulator":{"name":"dataconnect"},"message":"E0711 09:25:57.970887   26896 watch.go:40] Failed to load config from \"e:\\\\Jewellers_Website\\\\dataconnect\": could not find dataconnect.yaml in `e:\\Jewellers_Website\\dataconnect`\n"}}
[debug] [2026-07-11T03:56:07.970Z] E0711 09:26:07.970633   26896 watch.go:40] Failed to load config from "e:\\Jewellers_Website\\dataconnect": could not find dataconnect.yaml in `e:\Jewellers_Website\dataconnect`
 {"metadata":{"emulator":{"name":"dataconnect"},"message":"E0711 09:26:07.970633   26896 watch.go:40] Failed to load config from \"e:\\\\Jewellers_Website\\\\dataconnect\": could not find dataconnect.yaml in `e:\\Jewellers_Website\\dataconnect`\n"}}
[debug] [2026-07-11T03:56:17.970Z] E0711 09:26:17.970419   26896 watch.go:40] Failed to load config from "e:\\Jewellers_Website\\dataconnect": could not find dataconnect.yaml in `e:\Jewellers_Website\dataconnect`
 {"metadata":{"emulator":{"name":"dataconnect"},"message":"E0711 09:26:17.970419   26896 watch.go:40] Failed to load config from \"e:\\\\Jewellers_Website\\\\dataconnect\": could not find dataconnect.yaml in `e:\\Jewellers_Website\\dataconnect`\n"}}
[debug] [2026-07-11T03:56:27.970Z] E0711 09:26:27.970890   26896 watch.go:116] watchAllDir unable to walk dir `e:\Jewellers_Website\dataconnect`: GetFileAttributesEx e:\Jewellers_Website\dataconnect: The system cannot find the file specified.
E0711 09:26:27.970890   26896 watch.go:40] Failed to load config from "e:\\Jewellers_Website\\dataconnect": could not find dataconnect.yaml in `e:\Jewellers_Website\dataconnect`
 {"metadata":{"emulator":{"name":"dataconnect"},"message":"E0711 09:26:27.970890   26896 watch.go:116] watchAllDir unable to walk dir `e:\\Jewellers_Website\\dataconnect`: GetFileAttributesEx e:\\Jewellers_Website\\dataconnect: The system cannot find the file specified.\nE0711 09:26:27.970890   26896 watch.go:40] Failed to load config from \"e:\\\\Jewellers_Website\\\\dataconnect\": could not find dataconnect.yaml in `e:\\Jewellers_Website\\dataconnect`\n"}}
[debug] [2026-07-11T03:56:37.977Z] E0711 09:26:37.977123   26896 watch.go:40] Failed to load config from "e:\\Jewellers_Website\\dataconnect": could not find dataconnect.yaml in `e:\Jewellers_Website\dataconnect`
 {"metadata":{"emulator":{"name":"dataconnect"},"message":"E0711 09:26:37.977123   26896 watch.go:40] Failed to load config from \"e:\\\\Jewellers_Website\\\\dataconnect\": could not find dataconnect.yaml in `e:\\Jewellers_Website\\dataconnect`\n"}}
[debug] [2026-07-11T03:56:47.970Z] E0711 09:26:47.970121   26896 watch.go:40] Failed to load config from "e:\\Jewellers_Website\\dataconnect": could not find dataconnect.yaml in `e:\Jewellers_Website\dataconnect`
 {"metadata":{"emulator":{"name":"dataconnect"},"message":"E0711 09:26:47.970121   26896 watch.go:40] Failed to load config from \"e:\\\\Jewellers_Website\\\\dataconnect\": could not find dataconnect.yaml in `e:\\Jewellers_Website\\dataconnect`\n"}}
[debug] [2026-07-11T03:56:57.970Z] E0711 09:26:57.970432   26896 watch.go:40] Failed to load config from "e:\\Jewellers_Website\\dataconnect": could not find dataconnect.yaml in `e:\Jewellers_Website\dataconnect`
 {"metadata":{"emulator":{"name":"dataconnect"},"message":"E0711 09:26:57.970432   26896 watch.go:40] Failed to load config from \"e:\\\\Jewellers_Website\\\\dataconnect\": could not find dataconnect.yaml in `e:\\Jewellers_Website\\dataconnect`\n"}}
[debug] [2026-07-11T03:57:07.969Z] E0711 09:27:07.969920   26896 watch.go:40] Failed to load config from "e:\\Jewellers_Website\\dataconnect": could not find dataconnect.yaml in `e:\Jewellers_Website\dataconnect`
 {"metadata":{"emulator":{"name":"dataconnect"},"message":"E0711 09:27:07.969920   26896 watch.go:40] Failed to load config from \"e:\\\\Jewellers_Website\\\\dataconnect\": could not find dataconnect.yaml in `e:\\Jewellers_Website\\dataconnect`\n"}}
[debug] [2026-07-11T03:57:17.969Z] E0711 09:27:17.969848   26896 watch.go:40] Failed to load config from "e:\\Jewellers_Website\\dataconnect": could not find dataconnect.yaml in `e:\Jewellers_Website\dataconnect`
 {"metadata":{"emulator":{"name":"dataconnect"},"message":"E0711 09:27:17.969848   26896 watch.go:40] Failed to load config from \"e:\\\\Jewellers_Website\\\\dataconnect\": could not find dataconnect.yaml in `e:\\Jewellers_Website\\dataconnect`\n"}}
[debug] [2026-07-11T03:57:27.971Z] E0711 09:27:27.969951   26896 watch.go:116] watchAllDir unable to walk dir `e:\Jewellers_Website\dataconnect`: GetFileAttributesEx e:\Jewellers_Website\dataconnect: The system cannot find the file specified.
E0711 09:27:27.969951   26896 watch.go:40] Failed to load config from "e:\\Jewellers_Website\\dataconnect": could not find dataconnect.yaml in `e:\Jewellers_Website\dataconnect`
 {"metadata":{"emulator":{"name":"dataconnect"},"message":"E0711 09:27:27.969951   26896 watch.go:116] watchAllDir unable to walk dir `e:\\Jewellers_Website\\dataconnect`: GetFileAttributesEx e:\\Jewellers_Website\\dataconnect: The system cannot find the file specified.\nE0711 09:27:27.969951   26896 watch.go:40] Failed to load config from \"e:\\\\Jewellers_Website\\\\dataconnect\": could not find dataconnect.yaml in `e:\\Jewellers_Website\\dataconnect`\n"}}
[debug] [2026-07-11T03:57:37.970Z] E0711 09:27:37.970638   26896 watch.go:40] Failed to load config from "e:\\Jewellers_Website\\dataconnect": could not find dataconnect.yaml in `e:\Jewellers_Website\dataconnect`
 {"metadata":{"emulator":{"name":"dataconnect"},"message":"E0711 09:27:37.970638   26896 watch.go:40] Failed to load config from \"e:\\\\Jewellers_Website\\\\dataconnect\": could not find dataconnect.yaml in `e:\\Jewellers_Website\\dataconnect`\n"}}
[debug] [2026-07-11T03:57:47.971Z] E0711 09:27:47.971256   26896 watch.go:40] Failed to load config from "e:\\Jewellers_Website\\dataconnect": could not find dataconnect.yaml in `e:\Jewellers_Website\dataconnect`
 {"metadata":{"emulator":{"name":"dataconnect"},"message":"E0711 09:27:47.971256   26896 watch.go:40] Failed to load config from \"e:\\\\Jewellers_Website\\\\dataconnect\": could not find dataconnect.yaml in `e:\\Jewellers_Website\\dataconnect`\n"}}
[debug] [2026-07-11T03:57:57.970Z] E0711 09:27:57.970091   26896 watch.go:40] Failed to load config from "e:\\Jewellers_Website\\dataconnect": could not find dataconnect.yaml in `e:\Jewellers_Website\dataconnect`
 {"metadata":{"emulator":{"name":"dataconnect"},"message":"E0711 09:27:57.970091   26896 watch.go:40] Failed to load config from \"e:\\\\Jewellers_Website\\\\dataconnect\": could not find dataconnect.yaml in `e:\\Jewellers_Website\\dataconnect`\n"}}
[debug] [2026-07-11T03:58:07.970Z] E0711 09:28:07.970654   26896 watch.go:40] Failed to load config from "e:\\Jewellers_Website\\dataconnect": could not find dataconnect.yaml in `e:\Jewellers_Website\dataconnect`
 {"metadata":{"emulator":{"name":"dataconnect"},"message":"E0711 09:28:07.970654   26896 watch.go:40] Failed to load config from \"e:\\\\Jewellers_Website\\\\dataconnect\": could not find dataconnect.yaml in `e:\\Jewellers_Website\\dataconnect`\n"}}
[debug] [2026-07-11T03:58:17.971Z] E0711 09:28:17.970618   26896 watch.go:40] Failed to load config from "e:\\Jewellers_Website\\dataconnect": could not find dataconnect.yaml in `e:\Jewellers_Website\dataconnect`
 {"metadata":{"emulator":{"name":"dataconnect"},"message":"E0711 09:28:17.970618   26896 watch.go:40] Failed to load config from \"e:\\\\Jewellers_Website\\\\dataconnect\": could not find dataconnect.yaml in `e:\\Jewellers_Website\\dataconnect`\n"}}
[debug] [2026-07-11T03:58:27.971Z] E0711 09:28:27.970598   26896 watch.go:116] watchAllDir unable to walk dir `e:\Jewellers_Website\dataconnect`: GetFileAttributesEx e:\Jewellers_Website\dataconnect: The system cannot find the file specified.
 {"metadata":{"emulator":{"name":"dataconnect"},"message":"E0711 09:28:27.970598   26896 watch.go:116] watchAllDir unable to walk dir `e:\\Jewellers_Website\\dataconnect`: GetFileAttributesEx e:\\Jewellers_Website\\dataconnect: The system cannot find the file specified.\n"}}
[debug] [2026-07-11T03:58:27.973Z] E0711 09:28:27.971495   26896 watch.go:40] Failed to load config from "e:\\Jewellers_Website\\dataconnect": could not find dataconnect.yaml in `e:\Jewellers_Website\dataconnect`
 {"metadata":{"emulator":{"name":"dataconnect"},"message":"E0711 09:28:27.971495   26896 watch.go:40] Failed to load config from \"e:\\\\Jewellers_Website\\\\dataconnect\": could not find dataconnect.yaml in `e:\\Jewellers_Website\\dataconnect`\n"}}
[debug] [2026-07-11T03:58:37.971Z] E0711 09:28:37.970233   26896 watch.go:40] Failed to load config from "e:\\Jewellers_Website\\dataconnect": could not find dataconnect.yaml in `e:\Jewellers_Website\dataconnect`
 {"metadata":{"emulator":{"name":"dataconnect"},"message":"E0711 09:28:37.970233   26896 watch.go:40] Failed to load config from \"e:\\\\Jewellers_Website\\\\dataconnect\": could not find dataconnect.yaml in `e:\\Jewellers_Website\\dataconnect`\n"}}
[debug] [2026-07-11T03:58:47.970Z] E0711 09:28:47.969843   26896 watch.go:40] Failed to load config from "e:\\Jewellers_Website\\dataconnect": could not find dataconnect.yaml in `e:\Jewellers_Website\dataconnect`
 {"metadata":{"emulator":{"name":"dataconnect"},"message":"E0711 09:28:47.969843   26896 watch.go:40] Failed to load config from \"e:\\\\Jewellers_Website\\\\dataconnect\": could not find dataconnect.yaml in `e:\\Jewellers_Website\\dataconnect`\n"}}
[debug] [2026-07-11T03:58:57.970Z] E0711 09:28:57.970487   26896 watch.go:40] Failed to load config from "e:\\Jewellers_Website\\dataconnect": could not find dataconnect.yaml in `e:\Jewellers_Website\dataconnect`
 {"metadata":{"emulator":{"name":"dataconnect"},"message":"E0711 09:28:57.970487   26896 watch.go:40] Failed to load config from \"e:\\\\Jewellers_Website\\\\dataconnect\": could not find dataconnect.yaml in `e:\\Jewellers_Website\\dataconnect`\n"}}
[debug] [2026-07-11T03:59:07.970Z] E0711 09:29:07.969810   26896 watch.go:40] Failed to load config from "e:\\Jewellers_Website\\dataconnect": could not find dataconnect.yaml in `e:\Jewellers_Website\dataconnect`
 {"metadata":{"emulator":{"name":"dataconnect"},"message":"E0711 09:29:07.969810   26896 watch.go:40] Failed to load config from \"e:\\\\Jewellers_Website\\\\dataconnect\": could not find dataconnect.yaml in `e:\\Jewellers_Website\\dataconnect`\n"}}
[debug] [2026-07-11T03:59:17.970Z] E0711 09:29:17.969963   26896 watch.go:40] Failed to load config from "e:\\Jewellers_Website\\dataconnect": could not find dataconnect.yaml in `e:\Jewellers_Website\dataconnect`
 {"metadata":{"emulator":{"name":"dataconnect"},"message":"E0711 09:29:17.969963   26896 watch.go:40] Failed to load config from \"e:\\\\Jewellers_Website\\\\dataconnect\": could not find dataconnect.yaml in `e:\\Jewellers_Website\\dataconnect`\n"}}
[debug] [2026-07-11T03:59:27.969Z] E0711 09:29:27.970369   26896 watch.go:116] watchAllDir unable to walk dir `e:\Jewellers_Website\dataconnect`: GetFileAttributesEx e:\Jewellers_Website\dataconnect: The system cannot find the file specified.
E0711 09:29:27.970369   26896 watch.go:40] Failed to load config from "e:\\Jewellers_Website\\dataconnect": could not find dataconnect.yaml in `e:\Jewellers_Website\dataconnect`
 {"metadata":{"emulator":{"name":"dataconnect"},"message":"E0711 09:29:27.970369   26896 watch.go:116] watchAllDir unable to walk dir `e:\\Jewellers_Website\\dataconnect`: GetFileAttributesEx e:\\Jewellers_Website\\dataconnect: The system cannot find the file specified.\nE0711 09:29:27.970369   26896 watch.go:40] Failed to load config from \"e:\\\\Jewellers_Website\\\\dataconnect\": could not find dataconnect.yaml in `e:\\Jewellers_Website\\dataconnect`\n"}}
[debug] [2026-07-11T03:59:37.970Z] E0711 09:29:37.971347   26896 watch.go:40] Failed to load config from "e:\\Jewellers_Website\\dataconnect": could not find dataconnect.yaml in `e:\Jewellers_Website\dataconnect`
 {"metadata":{"emulator":{"name":"dataconnect"},"message":"E0711 09:29:37.971347   26896 watch.go:40] Failed to load config from \"e:\\\\Jewellers_Website\\\\dataconnect\": could not find dataconnect.yaml in `e:\\Jewellers_Website\\dataconnect`\n"}}
[debug] [2026-07-11T03:59:47.969Z] E0711 09:29:47.970195   26896 watch.go:40] Failed to load config from "e:\\Jewellers_Website\\dataconnect": could not find dataconnect.yaml in `e:\Jewellers_Website\dataconnect`
 {"metadata":{"emulator":{"name":"dataconnect"},"message":"E0711 09:29:47.970195   26896 watch.go:40] Failed to load config from \"e:\\\\Jewellers_Website\\\\dataconnect\": could not find dataconnect.yaml in `e:\\Jewellers_Website\\dataconnect`\n"}}
[debug] [2026-07-11T03:59:57.969Z] E0711 09:29:57.970699   26896 watch.go:40] Failed to load config from "e:\\Jewellers_Website\\dataconnect": could not find dataconnect.yaml in `e:\Jewellers_Website\dataconnect`
 {"metadata":{"emulator":{"name":"dataconnect"},"message":"E0711 09:29:57.970699   26896 watch.go:40] Failed to load config from \"e:\\\\Jewellers_Website\\\\dataconnect\": could not find dataconnect.yaml in `e:\\Jewellers_Website\\dataconnect`\n"}}
[debug] [2026-07-11T04:00:07.970Z] E0711 09:30:07.970607   26896 watch.go:40] Failed to load config from "e:\\Jewellers_Website\\dataconnect": could not find dataconnect.yaml in `e:\Jewellers_Website\dataconnect`
 {"metadata":{"emulator":{"name":"dataconnect"},"message":"E0711 09:30:07.970607   26896 watch.go:40] Failed to load config from \"e:\\\\Jewellers_Website\\\\dataconnect\": could not find dataconnect.yaml in `e:\\Jewellers_Website\\dataconnect`\n"}}
[debug] [2026-07-11T04:00:17.970Z] E0711 09:30:17.970981   26896 watch.go:40] Failed to load config from "e:\\Jewellers_Website\\dataconnect": could not find dataconnect.yaml in `e:\Jewellers_Website\dataconnect`
 {"metadata":{"emulator":{"name":"dataconnect"},"message":"E0711 09:30:17.970981   26896 watch.go:40] Failed to load config from \"e:\\\\Jewellers_Website\\\\dataconnect\": could not find dataconnect.yaml in `e:\\Jewellers_Website\\dataconnect`\n"}}
[debug] [2026-07-11T04:00:27.969Z] E0711 09:30:27.970636   26896 watch.go:116] watchAllDir unable to walk dir `e:\Jewellers_Website\dataconnect`: GetFileAttributesEx e:\Jewellers_Website\dataconnect: The system cannot find the file specified.
E0711 09:30:27.970636   26896 watch.go:40] Failed to load config from "e:\\Jewellers_Website\\dataconnect": could not find dataconnect.yaml in `e:\Jewellers_Website\dataconnect`
 {"metadata":{"emulator":{"name":"dataconnect"},"message":"E0711 09:30:27.970636   26896 watch.go:116] watchAllDir unable to walk dir `e:\\Jewellers_Website\\dataconnect`: GetFileAttributesEx e:\\Jewellers_Website\\dataconnect: The system cannot find the file specified.\nE0711 09:30:27.970636   26896 watch.go:40] Failed to load config from \"e:\\\\Jewellers_Website\\\\dataconnect\": could not find dataconnect.yaml in `e:\\Jewellers_Website\\dataconnect`\n"}}
